// Jest Snapshot v1, https://goo.gl/fbAQLP

exports[`Product Query single product 1`] = `
Object {
  "basePrice": 16.63,
  "desc": "Donec posuere metus vitae ipsum.",
  "id": 1,
  "image": "https://dummyimage.com/300x300.jpg/ff4444/ffffff",
  "price": 16.63,
  "sku": "254267942-8",
  "stocked": true,
  "title": "pellentesque",
}
`;
